// Vitest Snapshot v1, https://vitest.dev/guide/snapshot.html

exports[`BoxList > matches snapshot 1`] = `[Function]`;
